2025-10-05 13:04:29,145 [INFO] Log file created at: /Users/AZ-Live/Dev projacts/Pandrator/logs/pandrator_20251005_130429.log
2025-10-05 13:04:29,661 [INFO] GUI initialized
2025-10-05 13:04:29,661 [INFO] DRY-RUN MODE ENABLED - No actual TTS generation will occur
2025-10-05 13:04:29,661 [INFO] Starting main event loop
2025-10-05 13:05:34,926 [DEBUG] Starting new HTTP connection (1): 127.0.0.1:5000
2025-10-05 13:05:34,943 [DEBUG] http://127.0.0.1:5000 "GET /v1/internal/model/list HTTP/1.1" 403 0
2025-10-05 13:05:36,105 [DEBUG] STREAM b'IHDR' 16 13
2025-10-05 13:05:36,106 [DEBUG] STREAM b'sRGB' 41 1
2025-10-05 13:05:36,106 [DEBUG] STREAM b'gAMA' 54 4
2025-10-05 13:05:36,106 [DEBUG] STREAM b'pHYs' 70 9
2025-10-05 13:05:36,106 [DEBUG] STREAM b'IDAT' 91 38330
2025-10-05 13:05:36,106 [DEBUG] STREAM b'IHDR' 16 13
2025-10-05 13:05:36,106 [DEBUG] STREAM b'sRGB' 41 1
2025-10-05 13:05:36,106 [DEBUG] STREAM b'gAMA' 54 4
2025-10-05 13:05:36,106 [DEBUG] STREAM b'pHYs' 70 9
2025-10-05 13:05:36,106 [DEBUG] STREAM b'IDAT' 91 38330
2025-10-05 13:06:04,251 [DEBUG] STREAM b'IHDR' 16 13
2025-10-05 13:06:04,251 [DEBUG] STREAM b'sRGB' 41 1
2025-10-05 13:06:04,251 [DEBUG] STREAM b'gAMA' 54 4
2025-10-05 13:06:04,251 [DEBUG] STREAM b'pHYs' 70 9
2025-10-05 13:06:04,251 [DEBUG] STREAM b'IDAT' 91 14814
2025-10-05 13:06:04,251 [DEBUG] STREAM b'IHDR' 16 13
2025-10-05 13:06:04,251 [DEBUG] STREAM b'sRGB' 41 1
2025-10-05 13:06:04,251 [DEBUG] STREAM b'gAMA' 54 4
2025-10-05 13:06:04,251 [DEBUG] STREAM b'pHYs' 70 9
2025-10-05 13:06:04,251 [DEBUG] STREAM b'IDAT' 91 14814
